// Jest Snapshot v1, https://goo.gl/fbAQLP

exports[`changes the state as expected 1`] = `null`;
